// Jest Snapshot v1, https://goo.gl/fbAQLP

exports[`RegisterForm component renders a RegisterForm by default 1`] = `
<div
  className="form-space"
>
  <form
    className="register-form"
    onSubmit={[Function]}
  >
    <legend
      className="page-title"
    >
      Register
    </legend>
    <label
      className="first-name"
      htmlFor="first-name"
    >
      First Name
    </label>
    <Input
      name="first_name"
      required={true}
      type="text"
    />
    <label
      className="last-name"
      htmlFor="last-name"
    >
      Last Name
    </label>
    <Input
      name="last_name"
      required={true}
      type="text"
    />
    <label
      className="email"
      htmlFor="email"
    >
      Email
    </label>
    <Input
      name="email"
      required={true}
      type="text"
    />
    <label
      className="user-name"
      htmlFor="user-name"
    >
      Username
    </label>
    <Input
      name="user_name"
      required={true}
      type="text"
    />
    <label
      className="user-password"
      htmlFor="password"
    >
      Password
    </label>
    <Input
      name="user_password"
      required={true}
      type="password"
    />
    <Button
      className="register-button"
      type="submit"
    >
      Submit
    </Button>
    <Link
      className="cancel-action"
      to="/"
    >
      Cancel
    </Link>
    <div
      role="alert"
    />
    <p
      className="password-instructions"
    >
      * Password must contain 1 uppercase letter, 1 lowercase letter, a number, and a special character 
    </p>
  </form>
</div>
`;
